// Jest Snapshot v1, https://goo.gl/fbAQLP

exports[`Login works fine Snapshot matches 1`] = `
<form
  className="app-profile__form app-form"
>
  <div
    className="app-form__wrapper"
  >
    <div
      className="app-form__cols"
    >
      <div
        className="app-form__col"
      >
        <div
          className="app-form__row"
        >
          <label
            className="MuiFormLabel-root"
          >
            <span
              className="app-form__fieldname"
            >
              Номер карты:
            </span>
            <div
              className="MuiInputBase-root MuiInput-root MuiInput-underline app-form__input"
              data-testid="number"
              onClick={[Function]}
            >
              <input
                className="MuiInputBase-input MuiInput-input"
                onAnimationStart={[Function]}
                onBlur={[Function]}
                onChange={[Function]}
                onFocus={[Function]}
                type="text"
              />
            </div>
          </label>
        </div>
        <div
          className="app-form__row"
        >
          <label
            className="MuiFormLabel-root"
          >
            <span
              className="app-form__fieldname"
            >
              Срок действия:
            </span>
            <div
              className="MuiInputBase-root MuiInput-root MuiInput-underline app-form__input"
              data-testid="date"
              onClick={[Function]}
            >
              <input
                className="MuiInputBase-input MuiInput-input"
                onAnimationStart={[Function]}
                onBlur={[Function]}
                onChange={[Function]}
                onFocus={[Function]}
                type="text"
              />
            </div>
          </label>
        </div>
      </div>
      <div
        className="app-form__col"
      >
        <div
          className="app-form__row"
        >
          <label
            className="MuiFormLabel-root"
          >
            <span
              className="app-form__fieldname"
            >
              Имя владельца:
            </span>
            <div
              className="MuiInputBase-root MuiInput-root MuiInput-underline app-form__input"
              data-testid="name"
              onClick={[Function]}
            >
              <input
                className="MuiInputBase-input MuiInput-input"
                onAnimationStart={[Function]}
                onBlur={[Function]}
                onChange={[Function]}
                onFocus={[Function]}
                type="text"
              />
            </div>
          </label>
        </div>
        <div
          className="app-form__row"
        >
          <label
            className="MuiFormLabel-root"
          >
            <span
              className="app-form__fieldname"
            >
              CVC:
            </span>
            <div
              className="MuiInputBase-root MuiInput-root MuiInput-underline"
              data-testid="cvc"
              onClick={[Function]}
            >
              <input
                className="MuiInputBase-input MuiInput-input"
                onAnimationStart={[Function]}
                onBlur={[Function]}
                onChange={[Function]}
                onFocus={[Function]}
                type="password"
              />
            </div>
          </label>
        </div>
      </div>
    </div>
    <div
      className="app-form__controls"
    >
      <div
        className="app-form__row"
      >
        <button
          className="MuiButtonBase-root MuiButton-root MuiButton-contained button app-form__button"
          data-testid="save"
          disabled={false}
          onBlur={[Function]}
          onDragLeave={[Function]}
          onFocus={[Function]}
          onKeyDown={[Function]}
          onKeyUp={[Function]}
          onMouseDown={[Function]}
          onMouseLeave={[Function]}
          onMouseUp={[Function]}
          onTouchEnd={[Function]}
          onTouchMove={[Function]}
          onTouchStart={[Function]}
          tabIndex={0}
          type="submit"
        >
          <span
            className="MuiButton-label"
          >
            Сохранить
          </span>
        </button>
      </div>
    </div>
  </div>
</form>
`;
